16129, 9909, 2237, 1966, 27164, 9362, 27773, 26645, 21285, 8431, 5587, 274, 23591, 16567, 15764, 19100, 15445, 29319, 17053, 6375, 2042, 13871, 24994, 1597, 19237, 24553, 7606, 7831, 8976, 21335, 9626, 10494, 597, 29246, 16838, 10916, 3023, 15109, 5943, 32705, 12369, 21227, 19198, 9775, 31497, 30731, 21125, 5572, 14514, 5905, 31904, 17011, 25981, 186, 32600, 9249, 3517, 31501, 5750, 24648, 3413, 10843, 32465, 29006, 23009, 3575, 23127, 26531, 17319, 3254, 18654, 8349, 22844, 19749, 16808, 3859, 23030, 21901, 31160, 29115, 25365, 12200, 25303, 4932, 17328, 3104, 3941, 28722, 9057, 8651, 1760, 24189, 26544, 17576, 22326, 4841, 1088, 28825, 28363
